---
http_interactions:
- request:
    method: get
    uri: https://api.musixmatch.com/ws/1.1/track.search?apikey=<MUSIX_MATCH_TOKEN>&f_artist_id=38620990&f_has_lyrics=true&page=1&page_size=5&s_track_rating=desc
    body:
      encoding: US-ASCII
      string: ''
    headers:
      User-Agent:
      - Faraday v1.0.0
      Accept-Encoding:
      - gzip;q=1.0,deflate;q=0.6,identity;q=0.3
      Accept:
      - "*/*"
  response:
    status:
      code: 200
      message: OK
    headers:
      Connection:
      - keep-alive
      Content-Length:
      - '987'
      Accept-Ranges:
      - bytes
      - bytes
      - bytes
      Age:
      - '67'
      - '67'
      Content-Type:
      - text/plain; charset=utf-8
      Server:
      - nginx
      Via:
      - 1.1 varnish
      - 1.1 varnish
      X-Restarts:
      - '0'
      X-Varnish-Instance:
      - api
      Date:
      - Tue, 07 Jan 2020 01:45:32 GMT
      X-Served-By:
      - cache-den19640-DEN
      X-Cache:
      - MISS
      X-Cache-Hits:
      - '0'
      X-Timer:
      - S1578361532.979878,VS0,VE103
      Vary:
      - Accept-Encoding
    body:
      encoding: ASCII-8BIT
      string: '{"message":{"header":{"status_code":200,"execute_time":0.090160131454468,"available":283},"body":{"track_list":[{"track":{"track_id":124985077,"track_name":"Shape
        of You","track_name_translation_list":[],"track_rating":99,"commontrack_id":69032569,"instrumental":0,"explicit":0,"has_lyrics":1,"has_subtitles":1,"has_richsync":1,"num_favourite":56455,"album_id":25422950,"album_name":"\u00f7
        (Deluxe)","artist_id":38620990,"artist_name":"Ed Sheeran","track_share_url":"https:\/\/www.musixmatch.com\/lyrics\/Ed-Sheeran\/Shape-of-You?utm_source=application&utm_campaign=api&utm_medium=Code+Songs%3A1409618832280","track_edit_url":"https:\/\/www.musixmatch.com\/lyrics\/Ed-Sheeran\/Shape-of-You\/edit?utm_source=application&utm_campaign=api&utm_medium=Code+Songs%3A1409618832280","restricted":0,"updated_time":"2019-05-29T08:30:02Z","primary_genres":{"music_genre_list":[{"music_genre":{"music_genre_id":1048,"music_genre_parent_id":17,"music_genre_name":"House","music_genre_name_extended":"Dance
        \/ House","music_genre_vanity":"Dance-House"}},{"music_genre":{"music_genre_id":1183,"music_genre_parent_id":24,"music_genre_name":"Dancehall","music_genre_name_extended":"Reggae
        \/ Dancehall","music_genre_vanity":"Reggae-Dancehall"}},{"music_genre":{"music_genre_id":14,"music_genre_parent_id":34,"music_genre_name":"Pop","music_genre_name_extended":"Pop","music_genre_vanity":"Pop"}},{"music_genre":{"music_genre_id":17,"music_genre_parent_id":34,"music_genre_name":"Dance","music_genre_name_extended":"Dance","music_genre_vanity":"Dance"}}]}}},{"track":{"track_id":124985078,"track_name":"Perfect","track_name_translation_list":[],"track_rating":99,"commontrack_id":69182670,"instrumental":0,"explicit":0,"has_lyrics":1,"has_subtitles":1,"has_richsync":1,"num_favourite":44716,"album_id":25422950,"album_name":"\u00f7
        (Deluxe)","artist_id":38620990,"artist_name":"Ed Sheeran","track_share_url":"https:\/\/www.musixmatch.com\/lyrics\/Ed-Sheeran\/Perfect?utm_source=application&utm_campaign=api&utm_medium=Code+Songs%3A1409618832280","track_edit_url":"https:\/\/www.musixmatch.com\/lyrics\/Ed-Sheeran\/Perfect\/edit?utm_source=application&utm_campaign=api&utm_medium=Code+Songs%3A1409618832280","restricted":0,"updated_time":"2019-05-29T08:30:02Z","primary_genres":{"music_genre_list":[{"music_genre":{"music_genre_id":1022,"music_genre_parent_id":5,"music_genre_name":"Classical
        Crossover","music_genre_name_extended":"Classical \/ Classical Crossover","music_genre_vanity":"Classical-Classical-Crossover"}},{"music_genre":{"music_genre_id":14,"music_genre_parent_id":34,"music_genre_name":"Pop","music_genre_name_extended":"Pop","music_genre_vanity":"Pop"}}]}}},{"track":{"track_id":73109263,"track_name":"Thinking
        Out Loud","track_name_translation_list":[],"track_rating":98,"commontrack_id":39539742,"instrumental":0,"explicit":0,"has_lyrics":1,"has_subtitles":1,"has_richsync":1,"num_favourite":151575,"album_id":19624170,"album_name":"x","artist_id":38620990,"artist_name":"Ed
        Sheeran","track_share_url":"https:\/\/www.musixmatch.com\/lyrics\/Ed-Sheeran\/Thinking-Out-Loud?utm_source=application&utm_campaign=api&utm_medium=Code+Songs%3A1409618832280","track_edit_url":"https:\/\/www.musixmatch.com\/lyrics\/Ed-Sheeran\/Thinking-Out-Loud\/edit?utm_source=application&utm_campaign=api&utm_medium=Code+Songs%3A1409618832280","restricted":0,"updated_time":"2019-05-29T08:30:02Z","primary_genres":{"music_genre_list":[{"music_genre":{"music_genre_id":1143,"music_genre_parent_id":15,"music_genre_name":"Soul","music_genre_name_extended":"R&B\/Soul
        \/ Soul","music_genre_vanity":"R-B-Soul-Soul"}}]}}},{"track":{"track_id":170774806,"track_name":"South
        of the Border","track_name_translation_list":[],"track_rating":97,"commontrack_id":95699196,"instrumental":0,"explicit":0,"has_lyrics":1,"has_subtitles":1,"has_richsync":1,"num_favourite":130,"album_id":32562576,"album_name":"No.6
        Collaborations Project","artist_id":38620990,"artist_name":"Ed Sheeran","track_share_url":"https:\/\/www.musixmatch.com\/lyrics\/Ed-Sheeran\/South-of-the-Border?utm_source=application&utm_campaign=api&utm_medium=Code+Songs%3A1409618832280","track_edit_url":"https:\/\/www.musixmatch.com\/lyrics\/Ed-Sheeran\/South-of-the-Border\/edit?utm_source=application&utm_campaign=api&utm_medium=Code+Songs%3A1409618832280","restricted":0,"updated_time":"2019-07-30T14:55:38Z","primary_genres":{"music_genre_list":[{"music_genre":{"music_genre_id":14,"music_genre_parent_id":34,"music_genre_name":"Pop","music_genre_name_extended":"Pop","music_genre_vanity":"Pop"}}]}}},{"track":{"track_id":73109257,"track_name":"Photograph","track_name_translation_list":[],"track_rating":95,"commontrack_id":39539736,"instrumental":0,"explicit":0,"has_lyrics":1,"has_subtitles":1,"has_richsync":1,"num_favourite":153277,"album_id":19624170,"album_name":"x","artist_id":38620990,"artist_name":"Ed
        Sheeran","track_share_url":"https:\/\/www.musixmatch.com\/lyrics\/Ed-Sheeran\/Photograph?utm_source=application&utm_campaign=api&utm_medium=Code+Songs%3A1409618832280","track_edit_url":"https:\/\/www.musixmatch.com\/lyrics\/Ed-Sheeran\/Photograph\/edit?utm_source=application&utm_campaign=api&utm_medium=Code+Songs%3A1409618832280","restricted":0,"updated_time":"2019-05-29T08:30:02Z","primary_genres":{"music_genre_list":[{"music_genre":{"music_genre_id":14,"music_genre_parent_id":34,"music_genre_name":"Pop","music_genre_name_extended":"Pop","music_genre_vanity":"Pop"}},{"music_genre":{"music_genre_id":1289,"music_genre_parent_id":34,"music_genre_name":"Folk","music_genre_name_extended":"Folk","music_genre_vanity":"Folk"}}]}}}]}}}'
    http_version: 
  recorded_at: Tue, 07 Jan 2020 01:45:31 GMT
- request:
    method: get
    uri: https://api.musixmatch.com/ws/1.1/track.search?apikey=<MUSIX_MATCH_TOKEN>&f_artist_id=38620990&f_has_lyrics=true&page=1&page_size=5&s_track_rating=desc
    body:
      encoding: US-ASCII
      string: ''
    headers:
      User-Agent:
      - Faraday v1.0.0
      Accept-Encoding:
      - gzip;q=1.0,deflate;q=0.6,identity;q=0.3
      Accept:
      - "*/*"
  response:
    status:
      code: 200
      message: OK
    headers:
      Connection:
      - keep-alive
      Content-Length:
      - '987'
      Accept-Ranges:
      - bytes
      - bytes
      - bytes
      Age:
      - '67'
      - '67'
      Content-Type:
      - text/plain; charset=utf-8
      Server:
      - nginx
      Via:
      - 1.1 varnish
      - 1.1 varnish
      X-Restarts:
      - '0'
      X-Varnish-Instance:
      - api
      Date:
      - Tue, 07 Jan 2020 01:45:32 GMT
      X-Served-By:
      - cache-den19627-DEN
      X-Cache:
      - MISS
      X-Cache-Hits:
      - '0'
      X-Timer:
      - S1578361532.126316,VS0,VE54
      Vary:
      - Accept-Encoding
    body:
      encoding: ASCII-8BIT
      string: '{"message":{"header":{"status_code":200,"execute_time":0.020028114318848,"available":283},"body":{"track_list":[{"track":{"track_id":124985077,"track_name":"Shape
        of You","track_name_translation_list":[],"track_rating":99,"commontrack_id":69032569,"instrumental":0,"explicit":0,"has_lyrics":1,"has_subtitles":1,"has_richsync":1,"num_favourite":56455,"album_id":25422950,"album_name":"\u00f7
        (Deluxe)","artist_id":38620990,"artist_name":"Ed Sheeran","track_share_url":"https:\/\/www.musixmatch.com\/lyrics\/Ed-Sheeran\/Shape-of-You?utm_source=application&utm_campaign=api&utm_medium=Code+Songs%3A1409618832280","track_edit_url":"https:\/\/www.musixmatch.com\/lyrics\/Ed-Sheeran\/Shape-of-You\/edit?utm_source=application&utm_campaign=api&utm_medium=Code+Songs%3A1409618832280","restricted":0,"updated_time":"2019-05-29T08:30:02Z","primary_genres":{"music_genre_list":[{"music_genre":{"music_genre_id":1048,"music_genre_parent_id":17,"music_genre_name":"House","music_genre_name_extended":"Dance
        \/ House","music_genre_vanity":"Dance-House"}},{"music_genre":{"music_genre_id":1183,"music_genre_parent_id":24,"music_genre_name":"Dancehall","music_genre_name_extended":"Reggae
        \/ Dancehall","music_genre_vanity":"Reggae-Dancehall"}},{"music_genre":{"music_genre_id":14,"music_genre_parent_id":34,"music_genre_name":"Pop","music_genre_name_extended":"Pop","music_genre_vanity":"Pop"}},{"music_genre":{"music_genre_id":17,"music_genre_parent_id":34,"music_genre_name":"Dance","music_genre_name_extended":"Dance","music_genre_vanity":"Dance"}}]}}},{"track":{"track_id":124985078,"track_name":"Perfect","track_name_translation_list":[],"track_rating":99,"commontrack_id":69182670,"instrumental":0,"explicit":0,"has_lyrics":1,"has_subtitles":1,"has_richsync":1,"num_favourite":44716,"album_id":25422950,"album_name":"\u00f7
        (Deluxe)","artist_id":38620990,"artist_name":"Ed Sheeran","track_share_url":"https:\/\/www.musixmatch.com\/lyrics\/Ed-Sheeran\/Perfect?utm_source=application&utm_campaign=api&utm_medium=Code+Songs%3A1409618832280","track_edit_url":"https:\/\/www.musixmatch.com\/lyrics\/Ed-Sheeran\/Perfect\/edit?utm_source=application&utm_campaign=api&utm_medium=Code+Songs%3A1409618832280","restricted":0,"updated_time":"2019-05-29T08:30:02Z","primary_genres":{"music_genre_list":[{"music_genre":{"music_genre_id":1022,"music_genre_parent_id":5,"music_genre_name":"Classical
        Crossover","music_genre_name_extended":"Classical \/ Classical Crossover","music_genre_vanity":"Classical-Classical-Crossover"}},{"music_genre":{"music_genre_id":14,"music_genre_parent_id":34,"music_genre_name":"Pop","music_genre_name_extended":"Pop","music_genre_vanity":"Pop"}}]}}},{"track":{"track_id":73109263,"track_name":"Thinking
        Out Loud","track_name_translation_list":[],"track_rating":98,"commontrack_id":39539742,"instrumental":0,"explicit":0,"has_lyrics":1,"has_subtitles":1,"has_richsync":1,"num_favourite":151575,"album_id":19624170,"album_name":"x","artist_id":38620990,"artist_name":"Ed
        Sheeran","track_share_url":"https:\/\/www.musixmatch.com\/lyrics\/Ed-Sheeran\/Thinking-Out-Loud?utm_source=application&utm_campaign=api&utm_medium=Code+Songs%3A1409618832280","track_edit_url":"https:\/\/www.musixmatch.com\/lyrics\/Ed-Sheeran\/Thinking-Out-Loud\/edit?utm_source=application&utm_campaign=api&utm_medium=Code+Songs%3A1409618832280","restricted":0,"updated_time":"2019-05-29T08:30:02Z","primary_genres":{"music_genre_list":[{"music_genre":{"music_genre_id":1143,"music_genre_parent_id":15,"music_genre_name":"Soul","music_genre_name_extended":"R&B\/Soul
        \/ Soul","music_genre_vanity":"R-B-Soul-Soul"}}]}}},{"track":{"track_id":170774806,"track_name":"South
        of the Border","track_name_translation_list":[],"track_rating":97,"commontrack_id":95699196,"instrumental":0,"explicit":0,"has_lyrics":1,"has_subtitles":1,"has_richsync":1,"num_favourite":130,"album_id":32562576,"album_name":"No.6
        Collaborations Project","artist_id":38620990,"artist_name":"Ed Sheeran","track_share_url":"https:\/\/www.musixmatch.com\/lyrics\/Ed-Sheeran\/South-of-the-Border?utm_source=application&utm_campaign=api&utm_medium=Code+Songs%3A1409618832280","track_edit_url":"https:\/\/www.musixmatch.com\/lyrics\/Ed-Sheeran\/South-of-the-Border\/edit?utm_source=application&utm_campaign=api&utm_medium=Code+Songs%3A1409618832280","restricted":0,"updated_time":"2019-07-30T14:55:38Z","primary_genres":{"music_genre_list":[{"music_genre":{"music_genre_id":14,"music_genre_parent_id":34,"music_genre_name":"Pop","music_genre_name_extended":"Pop","music_genre_vanity":"Pop"}}]}}},{"track":{"track_id":73109257,"track_name":"Photograph","track_name_translation_list":[],"track_rating":95,"commontrack_id":39539736,"instrumental":0,"explicit":0,"has_lyrics":1,"has_subtitles":1,"has_richsync":1,"num_favourite":153277,"album_id":19624170,"album_name":"x","artist_id":38620990,"artist_name":"Ed
        Sheeran","track_share_url":"https:\/\/www.musixmatch.com\/lyrics\/Ed-Sheeran\/Photograph?utm_source=application&utm_campaign=api&utm_medium=Code+Songs%3A1409618832280","track_edit_url":"https:\/\/www.musixmatch.com\/lyrics\/Ed-Sheeran\/Photograph\/edit?utm_source=application&utm_campaign=api&utm_medium=Code+Songs%3A1409618832280","restricted":0,"updated_time":"2019-05-29T08:30:02Z","primary_genres":{"music_genre_list":[{"music_genre":{"music_genre_id":14,"music_genre_parent_id":34,"music_genre_name":"Pop","music_genre_name_extended":"Pop","music_genre_vanity":"Pop"}},{"music_genre":{"music_genre_id":1289,"music_genre_parent_id":34,"music_genre_name":"Folk","music_genre_name_extended":"Folk","music_genre_vanity":"Folk"}}]}}}]}}}'
    http_version: 
  recorded_at: Tue, 07 Jan 2020 01:45:31 GMT
- request:
    method: get
    uri: https://api.musixmatch.com/ws/1.1/track.search?apikey=<MUSIX_MATCH_TOKEN>&f_artist_id=38620990&f_has_lyrics=true&page=1&page_size=5&s_track_rating=desc
    body:
      encoding: US-ASCII
      string: ''
    headers:
      User-Agent:
      - Faraday v1.0.0
      Accept-Encoding:
      - gzip;q=1.0,deflate;q=0.6,identity;q=0.3
      Accept:
      - "*/*"
  response:
    status:
      code: 200
      message: OK
    headers:
      Connection:
      - keep-alive
      Content-Length:
      - '987'
      Accept-Ranges:
      - bytes
      - bytes
      - bytes
      Age:
      - '68'
      - '68'
      Content-Type:
      - text/plain; charset=utf-8
      Server:
      - nginx
      Via:
      - 1.1 varnish
      - 1.1 varnish
      X-Restarts:
      - '0'
      X-Varnish-Instance:
      - api
      Date:
      - Tue, 07 Jan 2020 01:45:32 GMT
      X-Served-By:
      - cache-den19631-DEN
      X-Cache:
      - MISS
      X-Cache-Hits:
      - '0'
      X-Timer:
      - S1578361532.218476,VS0,VE52
      Vary:
      - Accept-Encoding
    body:
      encoding: ASCII-8BIT
      string: '{"message":{"header":{"status_code":200,"execute_time":0.090160131454468,"available":283},"body":{"track_list":[{"track":{"track_id":124985077,"track_name":"Shape
        of You","track_name_translation_list":[],"track_rating":99,"commontrack_id":69032569,"instrumental":0,"explicit":0,"has_lyrics":1,"has_subtitles":1,"has_richsync":1,"num_favourite":56455,"album_id":25422950,"album_name":"\u00f7
        (Deluxe)","artist_id":38620990,"artist_name":"Ed Sheeran","track_share_url":"https:\/\/www.musixmatch.com\/lyrics\/Ed-Sheeran\/Shape-of-You?utm_source=application&utm_campaign=api&utm_medium=Code+Songs%3A1409618832280","track_edit_url":"https:\/\/www.musixmatch.com\/lyrics\/Ed-Sheeran\/Shape-of-You\/edit?utm_source=application&utm_campaign=api&utm_medium=Code+Songs%3A1409618832280","restricted":0,"updated_time":"2019-05-29T08:30:02Z","primary_genres":{"music_genre_list":[{"music_genre":{"music_genre_id":1048,"music_genre_parent_id":17,"music_genre_name":"House","music_genre_name_extended":"Dance
        \/ House","music_genre_vanity":"Dance-House"}},{"music_genre":{"music_genre_id":1183,"music_genre_parent_id":24,"music_genre_name":"Dancehall","music_genre_name_extended":"Reggae
        \/ Dancehall","music_genre_vanity":"Reggae-Dancehall"}},{"music_genre":{"music_genre_id":14,"music_genre_parent_id":34,"music_genre_name":"Pop","music_genre_name_extended":"Pop","music_genre_vanity":"Pop"}},{"music_genre":{"music_genre_id":17,"music_genre_parent_id":34,"music_genre_name":"Dance","music_genre_name_extended":"Dance","music_genre_vanity":"Dance"}}]}}},{"track":{"track_id":124985078,"track_name":"Perfect","track_name_translation_list":[],"track_rating":99,"commontrack_id":69182670,"instrumental":0,"explicit":0,"has_lyrics":1,"has_subtitles":1,"has_richsync":1,"num_favourite":44716,"album_id":25422950,"album_name":"\u00f7
        (Deluxe)","artist_id":38620990,"artist_name":"Ed Sheeran","track_share_url":"https:\/\/www.musixmatch.com\/lyrics\/Ed-Sheeran\/Perfect?utm_source=application&utm_campaign=api&utm_medium=Code+Songs%3A1409618832280","track_edit_url":"https:\/\/www.musixmatch.com\/lyrics\/Ed-Sheeran\/Perfect\/edit?utm_source=application&utm_campaign=api&utm_medium=Code+Songs%3A1409618832280","restricted":0,"updated_time":"2019-05-29T08:30:02Z","primary_genres":{"music_genre_list":[{"music_genre":{"music_genre_id":1022,"music_genre_parent_id":5,"music_genre_name":"Classical
        Crossover","music_genre_name_extended":"Classical \/ Classical Crossover","music_genre_vanity":"Classical-Classical-Crossover"}},{"music_genre":{"music_genre_id":14,"music_genre_parent_id":34,"music_genre_name":"Pop","music_genre_name_extended":"Pop","music_genre_vanity":"Pop"}}]}}},{"track":{"track_id":73109263,"track_name":"Thinking
        Out Loud","track_name_translation_list":[],"track_rating":98,"commontrack_id":39539742,"instrumental":0,"explicit":0,"has_lyrics":1,"has_subtitles":1,"has_richsync":1,"num_favourite":151575,"album_id":19624170,"album_name":"x","artist_id":38620990,"artist_name":"Ed
        Sheeran","track_share_url":"https:\/\/www.musixmatch.com\/lyrics\/Ed-Sheeran\/Thinking-Out-Loud?utm_source=application&utm_campaign=api&utm_medium=Code+Songs%3A1409618832280","track_edit_url":"https:\/\/www.musixmatch.com\/lyrics\/Ed-Sheeran\/Thinking-Out-Loud\/edit?utm_source=application&utm_campaign=api&utm_medium=Code+Songs%3A1409618832280","restricted":0,"updated_time":"2019-05-29T08:30:02Z","primary_genres":{"music_genre_list":[{"music_genre":{"music_genre_id":1143,"music_genre_parent_id":15,"music_genre_name":"Soul","music_genre_name_extended":"R&B\/Soul
        \/ Soul","music_genre_vanity":"R-B-Soul-Soul"}}]}}},{"track":{"track_id":170774806,"track_name":"South
        of the Border","track_name_translation_list":[],"track_rating":97,"commontrack_id":95699196,"instrumental":0,"explicit":0,"has_lyrics":1,"has_subtitles":1,"has_richsync":1,"num_favourite":130,"album_id":32562576,"album_name":"No.6
        Collaborations Project","artist_id":38620990,"artist_name":"Ed Sheeran","track_share_url":"https:\/\/www.musixmatch.com\/lyrics\/Ed-Sheeran\/South-of-the-Border?utm_source=application&utm_campaign=api&utm_medium=Code+Songs%3A1409618832280","track_edit_url":"https:\/\/www.musixmatch.com\/lyrics\/Ed-Sheeran\/South-of-the-Border\/edit?utm_source=application&utm_campaign=api&utm_medium=Code+Songs%3A1409618832280","restricted":0,"updated_time":"2019-07-30T14:55:38Z","primary_genres":{"music_genre_list":[{"music_genre":{"music_genre_id":14,"music_genre_parent_id":34,"music_genre_name":"Pop","music_genre_name_extended":"Pop","music_genre_vanity":"Pop"}}]}}},{"track":{"track_id":73109257,"track_name":"Photograph","track_name_translation_list":[],"track_rating":95,"commontrack_id":39539736,"instrumental":0,"explicit":0,"has_lyrics":1,"has_subtitles":1,"has_richsync":1,"num_favourite":153277,"album_id":19624170,"album_name":"x","artist_id":38620990,"artist_name":"Ed
        Sheeran","track_share_url":"https:\/\/www.musixmatch.com\/lyrics\/Ed-Sheeran\/Photograph?utm_source=application&utm_campaign=api&utm_medium=Code+Songs%3A1409618832280","track_edit_url":"https:\/\/www.musixmatch.com\/lyrics\/Ed-Sheeran\/Photograph\/edit?utm_source=application&utm_campaign=api&utm_medium=Code+Songs%3A1409618832280","restricted":0,"updated_time":"2019-05-29T08:30:02Z","primary_genres":{"music_genre_list":[{"music_genre":{"music_genre_id":14,"music_genre_parent_id":34,"music_genre_name":"Pop","music_genre_name_extended":"Pop","music_genre_vanity":"Pop"}},{"music_genre":{"music_genre_id":1289,"music_genre_parent_id":34,"music_genre_name":"Folk","music_genre_name_extended":"Folk","music_genre_vanity":"Folk"}}]}}}]}}}'
    http_version: 
  recorded_at: Tue, 07 Jan 2020 01:45:31 GMT
recorded_with: VCR 5.0.0
